[INFO] Scanning for projects...
[INFO] 
[INFO] ------------< com.hotelmanagement:hotel-management-system >-------------
[INFO] Building Hotel Management System 0.0.1-SNAPSHOT
[INFO]   from pom.xml
[INFO] --------------------------------[ jar ]---------------------------------
[INFO] 
[INFO] >>> spring-boot:2.7.14:run (default-cli) > test-compile @ hotel-management-system >>>
[INFO] 
[INFO] --- jacoco:0.8.11:prepare-agent (prepare-agent) @ hotel-management-system ---
[INFO] argLine set to "-javaagent:C:\\Users\\12yem\\.m2\\repository\\org\\jacoco\\org.jacoco.agent\\0.8.11\\org.jacoco.agent-0.8.11-runtime.jar=destfile=D:\\AAiT PROJECTS\\QA TEST\\final project\\target\\jacoco.exec"
[INFO] 
[INFO] --- resources:3.2.0:resources (default-resources) @ hotel-management-system ---
[INFO] Using 'UTF-8' encoding to copy filtered resources.
[INFO] Using 'UTF-8' encoding to copy filtered properties files.
[INFO] Copying 2 resources
[INFO] Copying 0 resource
[INFO] 
[INFO] --- compiler:3.14.0:compile (default-compile) @ hotel-management-system ---
[INFO] Nothing to compile - all classes are up to date.
[INFO] 
[INFO] --- resources:3.2.0:testResources (default-testResources) @ hotel-management-system ---
[INFO] Using 'UTF-8' encoding to copy filtered resources.
[INFO] Using 'UTF-8' encoding to copy filtered properties files.
[INFO] Copying 1 resource
[INFO] 
[INFO] --- compiler:3.14.0:testCompile (default-testCompile) @ hotel-management-system ---
[INFO] Nothing to compile - all classes are up to date.
[INFO] 
[INFO] <<< spring-boot:2.7.14:run (default-cli) < test-compile @ hotel-management-system <<<
[INFO] 
[INFO] 
[INFO] --- spring-boot:2.7.14:run (default-cli) @ hotel-management-system ---
[INFO] Attaching agents: []

  .   ____          _            __ _ _
 /\\ / ___'_ __ _ _(_)_ __  __ _ \ \ \ \
( ( )\___ | '_ | '_| | '_ \/ _` | \ \ \ \
 \\/  ___)| |_)| | | | | || (_| |  ) ) ) )
  '  |____| .__|_| |_|_| |_\__, | / / / /
 =========|_|==============|___/=/_/_/_/
 :: Spring Boot ::               (v2.7.14)

2026-09-30 08:30:28.191  INFO 2856 --- [           main] c.h.HotelManagementApplication           : Starting HotelManagementApplication using Java 21.0.9 with PID 2856 (D:\AAiT PROJECTS\QA TEST\final project\target\classes started by 12yem in D:\AAiT PROJECTS\QA TEST\final project)
2026-09-30 08:30:28.194 DEBUG 2856 --- [           main] c.h.HotelManagementApplication           : Running with Spring Boot v2.7.14, Spring v5.3.29
2026-09-30 08:30:28.194  INFO 2856 --- [           main] c.h.HotelManagementApplication           : No active profile set, falling back to 1 default profile: "default"
2026-09-30 08:30:29.458  INFO 2856 --- [           main] .s.d.r.c.RepositoryConfigurationDelegate : Bootstrapping Spring Data JPA repositories in DEFAULT mode.
2026-09-30 08:30:29.547  INFO 2856 --- [           main] .s.d.r.c.RepositoryConfigurationDelegate : Finished Spring Data repository scanning in 75 ms. Found 7 JPA repository interfaces.
2026-09-30 08:30:30.593  INFO 2856 --- [           main] o.s.b.w.embedded.tomcat.TomcatWebServer  : Tomcat initialized with port(s): 8090 (http)
2026-09-30 08:30:30.619  INFO 2856 --- [           main] o.apache.catalina.core.StandardService   : Starting service [Tomcat]
2026-09-30 08:30:30.620  INFO 2856 --- [           main] org.apache.catalina.core.StandardEngine  : Starting Servlet engine: [Apache Tomcat/9.0.78]
2026-09-30 08:30:30.859  INFO 2856 --- [           main] o.a.c.c.C.[Tomcat].[localhost].[/api]    : Initializing Spring embedded WebApplicationContext
2026-09-30 08:30:30.860  INFO 2856 --- [           main] w.s.c.ServletWebServerApplicationContext : Root WebApplicationContext: initialization completed in 2616 ms
2026-09-30 08:30:31.080  INFO 2856 --- [           main] com.zaxxer.hikari.HikariDataSource       : HikariPool-1 - Starting...
2026-09-30 08:30:31.544  INFO 2856 --- [           main] com.zaxxer.hikari.HikariDataSource       : HikariPool-1 - Start completed.
2026-09-30 08:30:31.563  INFO 2856 --- [           main] o.s.b.a.h2.H2ConsoleAutoConfiguration    : H2 console available at '/h2-console'. Database available at 'jdbc:h2:file:./data/hoteldb'
2026-09-30 08:30:31.838  INFO 2856 --- [           main] o.hibernate.jpa.internal.util.LogHelper  : HHH000204: Processing PersistenceUnitInfo [name: default]
2026-09-30 08:30:31.962  INFO 2856 --- [           main] org.hibernate.Version                    : HHH000412: Hibernate ORM core version 5.6.15.Final
2026-09-30 08:30:32.281  INFO 2856 --- [           main] o.hibernate.annotations.common.Version   : HCANN000001: Hibernate Commons Annotations {5.1.2.Final}
2026-09-30 08:30:32.427  INFO 2856 --- [           main] org.hibernate.dialect.Dialect            : HHH000400: Using dialect: org.hibernate.dialect.H2Dialect
2026-09-30 08:30:33.728  INFO 2856 --- [           main] o.h.e.t.j.p.i.JtaPlatformInitiator       : HHH000490: Using JtaPlatform implementation: [org.hibernate.engine.transaction.jta.platform.internal.NoJtaPlatform]
2026-09-30 08:30:33.757  INFO 2856 --- [           main] j.LocalContainerEntityManagerFactoryBean : Initialized JPA EntityManagerFactory for persistence unit 'default'
2026-09-30 08:30:35.060  WARN 2856 --- [           main] .s.s.UserDetailsServiceAutoConfiguration : 

Using generated security password: 347b3322-f0cd-4977-9b8d-edbf7c7c1100

This generated password is for development use only. Your security configuration must be updated before running your application in production.

2026-09-30 08:30:35.265  INFO 2856 --- [           main] o.s.s.web.DefaultSecurityFilterChain     : Will secure any request with [org.springframework.security.web.session.DisableEncodeUrlFilter@584f4ca5, org.springframework.security.web.context.request.async.WebAsyncManagerIntegrationFilter@568fd3de, org.springframework.security.web.context.SecurityContextPersistenceFilter@519eab1e, org.springframework.security.web.header.HeaderWriterFilter@362e709e, org.springframework.web.filter.CorsFilter@5bc1903, org.springframework.security.web.authentication.logout.LogoutFilter@7699e60a, org.springframework.security.web.savedrequest.RequestCacheAwareFilter@65880400, org.springframework.security.web.servletapi.SecurityContextHolderAwareRequestFilter@6f12b637, org.springframework.security.web.authentication.AnonymousAuthenticationFilter@3cc5408c, org.springframework.security.web.session.SessionManagementFilter@7d3a2459, org.springframework.security.web.access.ExceptionTranslationFilter@5364b481, org.springframework.security.web.access.intercept.AuthorizationFilter@761f1a28]
2026-09-30 08:30:35.333  WARN 2856 --- [           main] JpaBaseConfiguration$JpaWebConfiguration : spring.jpa.open-in-view is enabled by default. Therefore, database queries may be performed during view rendering. Explicitly configure spring.jpa.open-in-view to disable this warning
2026-09-30 08:30:36.113  INFO 2856 --- [           main] o.s.b.a.e.web.EndpointLinksResolver      : Exposing 2 endpoint(s) beneath base path '/actuator'
2026-09-30 08:30:36.224  INFO 2856 --- [           main] o.s.b.w.embedded.tomcat.TomcatWebServer  : Tomcat started on port(s): 8090 (http) with context path '/api'
2026-09-30 08:30:36.248  INFO 2856 --- [           main] c.h.HotelManagementApplication           : Started HotelManagementApplication in 8.597 seconds (JVM running for 9.21)
2026-09-30 08:30:36.534  INFO 2856 --- [           main] com.hotelmanagement.config.DataSeeder    : Super-admin account verified and active: 12yemom@gmail.com
2026-09-30 08:30:36.541  INFO 2856 --- [           main] com.hotelmanagement.config.DataSeeder    : Super-admin account verified and active: 12yemom@gamail.com
2026-09-30 08:30:36.551  INFO 2856 --- [           main] com.hotelmanagement.config.DataSeeder    : Restaurant tables already seeded
2026-09-30 08:30:36.581  INFO 2856 --- [           main] com.hotelmanagement.config.DataSeeder    : Ensured 14 hotel rooms are registered in inventory (0 newly seeded)
2026-09-30 08:30:36.615  INFO 2856 --- [           main] com.hotelmanagement.config.DataSeeder    : Seeded 6 luxury spa services
2026-09-30 08:30:36.615  INFO 2856 --- [           main] com.hotelmanagement.config.DataSeeder    : DataSeeder completed successfully on attempt 1
2026-09-30 08:31:06.474  INFO 2856 --- [nio-8090-exec-1] o.a.c.c.C.[Tomcat].[localhost].[/api]    : Initializing Spring DispatcherServlet 'dispatcherServlet'
2026-09-30 08:31:06.475  INFO 2856 --- [nio-8090-exec-1] o.s.web.servlet.DispatcherServlet        : Initializing Servlet 'dispatcherServlet'
2026-09-30 08:31:06.477  INFO 2856 --- [nio-8090-exec-1] o.s.web.servlet.DispatcherServlet        : Completed initialization in 2 ms
2026-09-30 08:31:16.487  WARN 2856 --- [nio-8090-exec-8] .w.s.m.s.DefaultHandlerExceptionResolver : Resolved [org.springframework.http.converter.HttpMessageNotReadableException: JSON parse error: Cannot deserialize value of type `java.lang.Long` from Array value (token `JsonToken.START_ARRAY`); nested exception is com.fasterxml.jackson.databind.exc.MismatchedInputException: Cannot deserialize value of type `java.lang.Long` from Array value (token `JsonToken.START_ARRAY`)<EOL> at [Source: (org.springframework.util.StreamUtils$NonClosingInputStream); line: 7, column: 17] (through reference chain: com.hotelmanagement.controller.ReservationController$ReservationRequest["guestId"])]
2026-09-30 08:33:24.104  WARN 2856 --- [nio-8090-exec-1] .w.s.m.s.DefaultHandlerExceptionResolver : Resolved [org.springframework.http.converter.HttpMessageNotReadableException: JSON parse error: Unexpected character ('g' (code 103)): was expecting double-quote to start field name; nested exception is com.fasterxml.jackson.core.JsonParseException: Unexpected character ('g' (code 103)): was expecting double-quote to start field name<EOL> at [Source: (org.springframework.util.StreamUtils$NonClosingInputStream); line: 1, column: 3]]
2026-09-30 08:33:24.141  WARN 2856 --- [nio-8090-exec-5] .w.s.m.s.DefaultHandlerExceptionResolver : Resolved [org.springframework.http.converter.HttpMessageNotReadableException: JSON parse error: Unexpected character ('c' (code 99)): was expecting double-quote to start field name; nested exception is com.fasterxml.jackson.core.JsonParseException: Unexpected character ('c' (code 99)): was expecting double-quote to start field name<EOL> at [Source: (org.springframework.util.StreamUtils$NonClosingInputStream); line: 1, column: 3]]
2026-09-30 08:33:24.174  WARN 2856 --- [nio-8090-exec-6] .w.s.m.s.DefaultHandlerExceptionResolver : Resolved [org.springframework.http.converter.HttpMessageNotReadableException: JSON parse error: Unexpected character ('g' (code 103)): was expecting double-quote to start field name; nested exception is com.fasterxml.jackson.core.JsonParseException: Unexpected character ('g' (code 103)): was expecting double-quote to start field name<EOL> at [Source: (org.springframework.util.StreamUtils$NonClosingInputStream); line: 1, column: 3]]
2026-09-30 08:33:24.207  WARN 2856 --- [nio-8090-exec-9] .w.s.m.s.DefaultHandlerExceptionResolver : Resolved [org.springframework.http.converter.HttpMessageNotReadableException: JSON parse error: Unexpected character ('g' (code 103)): was expecting double-quote to start field name; nested exception is com.fasterxml.jackson.core.JsonParseException: Unexpected character ('g' (code 103)): was expecting double-quote to start field name<EOL> at [Source: (org.springframework.util.StreamUtils$NonClosingInputStream); line: 1, column: 3]]
2026-09-30 11:34:21.903  WARN 2856 --- [l-1 housekeeper] com.zaxxer.hikari.pool.HikariPool        : HikariPool-1 - Thread starvation or clock leap detected (housekeeper delta=29m15s958ms354µs300ns).
2026-09-30 12:43:10.576  WARN 2856 --- [l-1 housekeeper] com.zaxxer.hikari.pool.HikariPool        : HikariPool-1 - Thread starvation or clock leap detected (housekeeper delta=3m14s798ms233µs900ns).
2026-09-30 12:58:29.546  WARN 2856 --- [l-1 housekeeper] com.zaxxer.hikari.pool.HikariPool        : HikariPool-1 - Thread starvation or clock leap detected (housekeeper delta=47s173ms562µs300ns).
2026-09-30 16:08:55.423  WARN 2856 --- [l-1 housekeeper] com.zaxxer.hikari.pool.HikariPool        : HikariPool-1 - Thread starvation or clock leap detected (housekeeper delta=1h38m53s300ms441µs200ns).
2026-09-30 16:49:07.189  WARN 2856 --- [l-1 housekeeper] com.zaxxer.hikari.pool.HikariPool        : HikariPool-1 - Thread starvation or clock leap detected (housekeeper delta=8m11s256ms362µs400ns).
2026-09-30 18:24:41.695  WARN 2856 --- [l-1 housekeeper] com.zaxxer.hikari.pool.HikariPool        : HikariPool-1 - Thread starvation or clock leap detected (housekeeper delta=1h25m4s135ms799µs500ns).
