[INFO] Scanning for projects...
[INFO] 
[INFO] ------------< com.hotelmanagement:hotel-management-system >-------------
[INFO] Building Hotel Management System 0.0.1-SNAPSHOT
[INFO]   from pom.xml
[INFO] --------------------------------[ jar ]---------------------------------
[INFO] 
[INFO] >>> spring-boot:2.7.14:run (default-cli) > test-compile @ hotel-management-system >>>
[INFO] 
[INFO] --- jacoco:0.8.11:prepare-agent (prepare-agent) @ hotel-management-system ---
[INFO] argLine set to "-javaagent:C:\\Users\\12yem\\.m2\\repository\\org\\jacoco\\org.jacoco.agent\\0.8.11\\org.jacoco.agent-0.8.11-runtime.jar=destfile=D:\\AAiT PROJECTS\\QA TEST\\final project\\target\\jacoco.exec"
[INFO] 
[INFO] --- resources:3.2.0:resources (default-resources) @ hotel-management-system ---
[INFO] Using 'UTF-8' encoding to copy filtered resources.
[INFO] Using 'UTF-8' encoding to copy filtered properties files.
[INFO] Copying 2 resources
[INFO] Copying 0 resource
[INFO] 
[INFO] --- compiler:3.14.0:compile (default-compile) @ hotel-management-system ---
[INFO] Nothing to compile - all classes are up to date.
[INFO] 
[INFO] --- resources:3.2.0:testResources (default-testResources) @ hotel-management-system ---
[INFO] Using 'UTF-8' encoding to copy filtered resources.
[INFO] Using 'UTF-8' encoding to copy filtered properties files.
[INFO] Copying 1 resource
[INFO] 
[INFO] --- compiler:3.14.0:testCompile (default-testCompile) @ hotel-management-system ---
[INFO] Nothing to compile - all classes are up to date.
[INFO] 
[INFO] <<< spring-boot:2.7.14:run (default-cli) < test-compile @ hotel-management-system <<<
[INFO] 
[INFO] 
[INFO] --- spring-boot:2.7.14:run (default-cli) @ hotel-management-system ---
[INFO] Attaching agents: []

  .   ____          _            __ _ _
 /\\ / ___'_ __ _ _(_)_ __  __ _ \ \ \ \
( ( )\___ | '_ | '_| | '_ \/ _` | \ \ \ \
 \\/  ___)| |_)| | | | | || (_| |  ) ) ) )
  '  |____| .__|_| |_|_| |_\__, | / / / /
 =========|_|==============|___/=/_/_/_/
 :: Spring Boot ::               (v2.7.14)

2026-09-30 20:06:40.132  INFO 3772 --- [           main] c.h.HotelManagementApplication           : Starting HotelManagementApplication using Java 21.0.9 with PID 3772 (D:\AAiT PROJECTS\QA TEST\final project\target\classes started by 12yem in D:\AAiT PROJECTS\QA TEST\final project)
2026-09-30 20:06:40.135 DEBUG 3772 --- [           main] c.h.HotelManagementApplication           : Running with Spring Boot v2.7.14, Spring v5.3.29
2026-09-30 20:06:40.135  INFO 3772 --- [           main] c.h.HotelManagementApplication           : No active profile set, falling back to 1 default profile: "default"
2026-09-30 20:06:40.736  INFO 3772 --- [           main] .s.d.r.c.RepositoryConfigurationDelegate : Bootstrapping Spring Data JPA repositories in DEFAULT mode.
2026-09-30 20:06:40.782  INFO 3772 --- [           main] .s.d.r.c.RepositoryConfigurationDelegate : Finished Spring Data repository scanning in 41 ms. Found 7 JPA repository interfaces.
2026-09-30 20:06:41.232  INFO 3772 --- [           main] o.s.b.w.embedded.tomcat.TomcatWebServer  : Tomcat initialized with port(s): 8085 (http)
2026-09-30 20:06:41.242  INFO 3772 --- [           main] o.apache.catalina.core.StandardService   : Starting service [Tomcat]
2026-09-30 20:06:41.242  INFO 3772 --- [           main] org.apache.catalina.core.StandardEngine  : Starting Servlet engine: [Apache Tomcat/9.0.78]
2026-09-30 20:06:41.332  INFO 3772 --- [           main] o.a.c.c.C.[Tomcat].[localhost].[/api]    : Initializing Spring embedded WebApplicationContext
2026-09-30 20:06:41.332  INFO 3772 --- [           main] w.s.c.ServletWebServerApplicationContext : Root WebApplicationContext: initialization completed in 1163 ms
2026-09-30 20:06:41.412  INFO 3772 --- [           main] com.zaxxer.hikari.HikariDataSource       : HikariPool-1 - Starting...
2026-09-30 20:06:41.661  INFO 3772 --- [           main] com.zaxxer.hikari.HikariDataSource       : HikariPool-1 - Start completed.
2026-09-30 20:06:41.668  INFO 3772 --- [           main] o.s.b.a.h2.H2ConsoleAutoConfiguration    : H2 console available at '/h2-console'. Database available at 'jdbc:h2:file:./data/hoteldb'
2026-09-30 20:06:41.779  INFO 3772 --- [           main] o.hibernate.jpa.internal.util.LogHelper  : HHH000204: Processing PersistenceUnitInfo [name: default]
2026-09-30 20:06:41.835  INFO 3772 --- [           main] org.hibernate.Version                    : HHH000412: Hibernate ORM core version 5.6.15.Final
2026-09-30 20:06:41.981  INFO 3772 --- [           main] o.hibernate.annotations.common.Version   : HCANN000001: Hibernate Commons Annotations {5.1.2.Final}
2026-09-30 20:06:42.060  INFO 3772 --- [           main] org.hibernate.dialect.Dialect            : HHH000400: Using dialect: org.hibernate.dialect.H2Dialect
2026-09-30 20:06:42.937  INFO 3772 --- [           main] o.h.e.t.j.p.i.JtaPlatformInitiator       : HHH000490: Using JtaPlatform implementation: [org.hibernate.engine.transaction.jta.platform.internal.NoJtaPlatform]
2026-09-30 20:06:42.946  INFO 3772 --- [           main] j.LocalContainerEntityManagerFactoryBean : Initialized JPA EntityManagerFactory for persistence unit 'default'
2026-09-30 20:06:43.883  WARN 3772 --- [           main] .s.s.UserDetailsServiceAutoConfiguration : 

Using generated security password: 2cc93c8c-ff87-4bc2-88e4-879ca3887f13

This generated password is for development use only. Your security configuration must be updated before running your application in production.

2026-09-30 20:06:44.022  INFO 3772 --- [           main] o.s.s.web.DefaultSecurityFilterChain     : Will secure any request with [org.springframework.security.web.session.DisableEncodeUrlFilter@584f4ca5, org.springframework.security.web.context.request.async.WebAsyncManagerIntegrationFilter@568fd3de, org.springframework.security.web.context.SecurityContextPersistenceFilter@65880400, org.springframework.security.web.header.HeaderWriterFilter@7d3a2459, org.springframework.web.filter.CorsFilter@5bc1903, org.springframework.security.web.authentication.logout.LogoutFilter@734a2c17, org.springframework.security.web.savedrequest.RequestCacheAwareFilter@65b69ccb, org.springframework.security.web.servletapi.SecurityContextHolderAwareRequestFilter@5feb8e9a, org.springframework.security.web.authentication.AnonymousAuthenticationFilter@3cc5408c, org.springframework.security.web.session.SessionManagementFilter@3833897c, org.springframework.security.web.access.ExceptionTranslationFilter@362e709e, org.springframework.security.web.access.intercept.AuthorizationFilter@761f1a28]
2026-09-30 20:06:44.056  WARN 3772 --- [           main] JpaBaseConfiguration$JpaWebConfiguration : spring.jpa.open-in-view is enabled by default. Therefore, database queries may be performed during view rendering. Explicitly configure spring.jpa.open-in-view to disable this warning
2026-09-30 20:06:44.726  INFO 3772 --- [           main] o.s.b.a.e.web.EndpointLinksResolver      : Exposing 2 endpoint(s) beneath base path '/actuator'
2026-09-30 20:06:44.842  INFO 3772 --- [           main] o.s.b.w.embedded.tomcat.TomcatWebServer  : Tomcat started on port(s): 8085 (http) with context path '/api'
2026-09-30 20:06:44.862  INFO 3772 --- [           main] c.h.HotelManagementApplication           : Started HotelManagementApplication in 5.011 seconds (JVM running for 5.295)
2026-09-30 20:06:45.147  INFO 3772 --- [           main] com.hotelmanagement.config.DataSeeder    : Super-admin account verified and active: 12yemom@gmail.com
2026-09-30 20:06:45.150  INFO 3772 --- [           main] com.hotelmanagement.config.DataSeeder    : Super-admin account verified and active: 12yemom@gamail.com
2026-09-30 20:06:45.159  INFO 3772 --- [           main] com.hotelmanagement.config.DataSeeder    : Restaurant tables already seeded
2026-09-30 20:06:45.170  INFO 3772 --- [io-8085-exec-10] o.a.c.c.C.[Tomcat].[localhost].[/api]    : Initializing Spring DispatcherServlet 'dispatcherServlet'
2026-09-30 20:06:45.170  INFO 3772 --- [io-8085-exec-10] o.s.web.servlet.DispatcherServlet        : Initializing Servlet 'dispatcherServlet'
2026-09-30 20:06:45.172  INFO 3772 --- [io-8085-exec-10] o.s.web.servlet.DispatcherServlet        : Completed initialization in 2 ms
2026-09-30 20:06:45.182  INFO 3772 --- [           main] com.hotelmanagement.config.DataSeeder    : Ensured 14 hotel rooms are registered in inventory (0 newly seeded)
2026-09-30 20:06:45.187  INFO 3772 --- [           main] com.hotelmanagement.config.DataSeeder    : Spa services already seeded
2026-09-30 20:06:45.187  INFO 3772 --- [           main] com.hotelmanagement.config.DataSeeder    : DataSeeder completed successfully on attempt 1
2026-09-30 20:30:36.266  WARN 3772 --- [l-1 housekeeper] com.zaxxer.hikari.pool.HikariPool        : HikariPool-1 - Thread starvation or clock leap detected (housekeeper delta=6m54s206ms719µs500ns).
2026-10-01 08:43:10.187  WARN 3772 --- [l-1 housekeeper] com.zaxxer.hikari.pool.HikariPool        : HikariPool-1 - Thread starvation or clock leap detected (housekeeper delta=12h12m33s918ms961µs).
2026-10-01 09:57:20.867  WARN 3772 --- [l-1 housekeeper] com.zaxxer.hikari.pool.HikariPool        : HikariPool-1 - Thread starvation or clock leap detected (housekeeper delta=20m11s1ms57µs800ns).
2026-10-01 10:16:30.226  WARN 3772 --- [l-1 housekeeper] com.zaxxer.hikari.pool.HikariPool        : HikariPool-1 - Thread starvation or clock leap detected (housekeeper delta=19m9s358ms735µs400ns).
2026-10-01 12:09:34.586  WARN 3772 --- [l-1 housekeeper] com.zaxxer.hikari.pool.HikariPool        : HikariPool-1 - Thread starvation or clock leap detected (housekeeper delta=1m2s631ms462µs500ns).
2026-10-01 14:14:26.712  WARN 3772 --- [l-1 housekeeper] com.zaxxer.hikari.pool.HikariPool        : HikariPool-1 - Thread starvation or clock leap detected (housekeeper delta=2h1m52s72ms591µs100ns).
2026-10-01 18:16:24.956  WARN 3772 --- [l-1 housekeeper] com.zaxxer.hikari.pool.HikariPool        : HikariPool-1 - Thread starvation or clock leap detected (housekeeper delta=1h10m25s138ms630µs100ns).
2026-10-01 18:38:08.454  WARN 3772 --- [l-1 housekeeper] com.zaxxer.hikari.pool.HikariPool        : HikariPool-1 - Thread starvation or clock leap detected (housekeeper delta=9m12s733ms809µs100ns).
